
> history-sync-visualizer@0.1.0 test
> jest --verbose=true

  console.error
    Aggregates API Error: TypeError: r.timestamp.toISOString is not a function
        at toISOString (D:\Project\History-Sync-Visualizer\pages\api\aggregates.ts:27:36)
        at Array.map (<anonymous>)
        at map (D:\Project\History-Sync-Visualizer\pages\api\aggregates.ts:25:42)
        at Object.<anonymous> (D:\Project\History-Sync-Visualizer\__tests__\api.test.ts:77:13)

    [0m [90m 62 |[39m         res[33m.[39mstatus([35m200[39m)[33m.[39mjson({ matrix[33m,[39m events[33m,[39m actors })[33m;[39m
     [90m 63 |[39m     } [36mcatch[39m (e[33m:[39m any) {
    [31m[1m>[22m[39m[90m 64 |[39m         console[33m.[39merror([32m"Aggregates API Error:"[39m[33m,[39m e)[33m;[39m
     [90m    |[39m                 [31m[1m^[22m[39m
     [90m 65 |[39m         res[33m.[39mstatus([35m500[39m)[33m.[39mjson({ error[33m:[39m e[33m.[39mmessage })[33m;[39m
     [90m 66 |[39m     }
     [90m 67 |[39m }[0m

      at error (pages/api/aggregates.ts:64:17)
      at Object.<anonymous> (__tests__/api.test.ts:77:13)

node.exe : FAIL __tests__/api.test.ts
At line:1 char:1
+ & "C:\Program Files\nodejs/node.exe" 
"C:\Program Files\nodejs/node_mo ...
+ ~~~~~~~~~~~~~~~~~~~~~~~~~~~~~~~~~~~~~
~~~~~~~~~~~~~~~~~~~~~~~~~~~~~~~~
    + CategoryInfo          : NotSpeci 
   fied: (FAIL __tests__/api.test.ts:  
  String) [], RemoteException
    + FullyQualifiedErrorId : NativeCo 
   mmandError
 
  API Integration
    /api/ingest
      ΓêÜ should return 405 for 
non-POST requests (5 ms)
    /api/aggregates
      ├ù should return aggregates 
matrix (46 ms)

  ΓùÅ API Integration ΓÇ║ 
/api/aggregates ΓÇ║ should return 
aggregates matrix

    expect(received).toBe(expected) // 
Object.is equality

    Expected: 200
    Received: 500

    [0m [90m 77 |[39m             
[36mawait[39m 
aggregatesHandler(req[33m,[39m 
res)[33m;[39m
     [90m 78 |[39m
    [31m[1m>[22m[39m[90m 79 
|[39m             expect(res[33m.[39
m_getStatusCode())[33m.[39mtoBe([35m
200[39m)[33m;[39m
     [90m    |[39m                   
                       
[31m[1m^[22m[39m
     [90m 80 |[39m             
[36mconst[39m data [33m=[39m [33mJ
SON[39m[33m.[39mparse(res[33m.[39m
_getData())[33m;[39m
     [90m 81 |[39m             expect
(data)[33m.[39mtoHaveProperty([32m"m
atrix"[39m)[33m;[39m
     [90m 82 |[39m             expect
(data[33m.[39mmatrix)[33m.[39mtoHav
eLength([35m30[39m)[33m;[39m[0m

      at Object.toBe 
(__tests__/api.test.ts:79:42)

PASS __tests__/parsers.test.ts
  Parsers
    parseGitLogText
      ΓêÜ should parse pipe-separated 
git log (2 ms)
      ΓêÜ should parse default git log 
format (1 ms)
    parseWhatsAppText
      ΓêÜ should parse WhatsApp export 
format (2 ms)
      ΓêÜ should handle multi-line 
messages (1 ms)

PASS __tests__/sanity.test.ts
  Sanity
    ΓêÜ should pass (1 ms)

Test Suites: 1 failed, 2 passed, 3 
total
Tests:       1 failed, 6 passed, 7 
total
Snapshots:   0 total
Time:        2.096 s
Ran all test suites.
